---
source: facet-python/src/lib.rs
expression: py
---
class Data(TypedDict, total=False):
    Data: Required[DataData]

class DataData(TypedDict, total=False):
    name: Required[str]
    value: Required[float]

type Event = Literal["Empty"] | Id | Data

class Id(TypedDict, total=False):
    Id: Required[int]
