---
source: facet-python/src/lib.rs
assertion_line: 979
expression: py
---
class Move(TypedDict, total=False):
    Move: Required[MoveData]

MoveData = TypedDict(
    "MoveData",
    {"from": Required[str], "to": Required[str], "amount": Required[float]},
    total=False,
)
type Transfer = Move | Literal["Cancel"]
