---
source: facet-json-schema/src/lib.rs
assertion_line: 633
expression: schema
---
{
  "type": "object",
  "properties": {
    "createdAt": {
      "type": "string"
    },
    "isActive": {
      "type": "boolean"
    },
    "userName": {
      "type": "string"
    }
  },
  "required": [
    "userName",
    "createdAt",
    "isActive"
  ],
  "additionalProperties": false,
  "title": "ApiResponse"
}
