---
source: facet-json-schema/src/lib.rs
expression: schema
---
{
  "type": "object",
  "properties": {
    "age": {
      "type": "integer",
      "minimum": 0
    },
    "name": {
      "type": "string"
    }
  },
  "required": [
    "name",
    "age"
  ],
  "additionalProperties": false,
  "title": "User"
}
