---
source: facet-json-schema/src/lib.rs
assertion_line: 579
expression: schema
---
{
  "type": "object",
  "properties": {
    "optional": {
      "anyOf": [
        {
          "type": "string"
        },
        {
          "type": "null"
        }
      ]
    },
    "required": {
      "type": "string"
    }
  },
  "required": [
    "required"
  ],
  "additionalProperties": false,
  "title": "Config"
}
